Archive member included to satisfy reference by file (symbol)

/Applications/Simplicity Studio.app/Contents/Eclipse/developer/toolchains/gnu_arm/7.2_2017q4/bin/../lib/gcc/arm-none-eabi/7.2.1/../../../../arm-none-eabi/lib/thumb/v7e-m/fpv4-sp/softfp/libc_nano.a(lib_a-exit.o)
                              /Applications/Simplicity Studio.app/Contents/Eclipse/developer/toolchains/gnu_arm/7.2_2017q4/bin/../lib/gcc/arm-none-eabi/7.2.1/../../../../arm-none-eabi/lib/thumb/v7e-m/fpv4-sp/softfp/crt0.o (exit)
/Applications/Simplicity Studio.app/Contents/Eclipse/developer/toolchains/gnu_arm/7.2_2017q4/bin/../lib/gcc/arm-none-eabi/7.2.1/../../../../arm-none-eabi/lib/thumb/v7e-m/fpv4-sp/softfp/libc_nano.a(lib_a-impure.o)
                              /Applications/Simplicity Studio.app/Contents/Eclipse/developer/toolchains/gnu_arm/7.2_2017q4/bin/../lib/gcc/arm-none-eabi/7.2.1/../../../../arm-none-eabi/lib/thumb/v7e-m/fpv4-sp/softfp/libc_nano.a(lib_a-exit.o) (_global_impure_ptr)
/Applications/Simplicity Studio.app/Contents/Eclipse/developer/toolchains/gnu_arm/7.2_2017q4/bin/../lib/gcc/arm-none-eabi/7.2.1/../../../../arm-none-eabi/lib/thumb/v7e-m/fpv4-sp/softfp/libc_nano.a(lib_a-init.o)
                              /Applications/Simplicity Studio.app/Contents/Eclipse/developer/toolchains/gnu_arm/7.2_2017q4/bin/../lib/gcc/arm-none-eabi/7.2.1/../../../../arm-none-eabi/lib/thumb/v7e-m/fpv4-sp/softfp/crt0.o (__libc_init_array)
/Applications/Simplicity Studio.app/Contents/Eclipse/developer/toolchains/gnu_arm/7.2_2017q4/bin/../lib/gcc/arm-none-eabi/7.2.1/../../../../arm-none-eabi/lib/thumb/v7e-m/fpv4-sp/softfp/libc_nano.a(lib_a-memset.o)
                              /Applications/Simplicity Studio.app/Contents/Eclipse/developer/toolchains/gnu_arm/7.2_2017q4/bin/../lib/gcc/arm-none-eabi/7.2.1/../../../../arm-none-eabi/lib/thumb/v7e-m/fpv4-sp/softfp/crt0.o (memset)
/Applications/Simplicity Studio.app/Contents/Eclipse/developer/toolchains/gnu_arm/7.2_2017q4/bin/../lib/gcc/arm-none-eabi/7.2.1/../../../../arm-none-eabi/lib/thumb/v7e-m/fpv4-sp/softfp/libnosys.a(_exit.o)
                              /Applications/Simplicity Studio.app/Contents/Eclipse/developer/toolchains/gnu_arm/7.2_2017q4/bin/../lib/gcc/arm-none-eabi/7.2.1/../../../../arm-none-eabi/lib/thumb/v7e-m/fpv4-sp/softfp/libc_nano.a(lib_a-exit.o) (_exit)

Discarded input sections

 .text          0x0000000000000000        0x0 /Applications/Simplicity Studio.app/Contents/Eclipse/developer/toolchains/gnu_arm/7.2_2017q4/bin/../lib/gcc/arm-none-eabi/7.2.1/thumb/v7e-m/fpv4-sp/softfp/crti.o
 .data          0x0000000000000000        0x0 /Applications/Simplicity Studio.app/Contents/Eclipse/developer/toolchains/gnu_arm/7.2_2017q4/bin/../lib/gcc/arm-none-eabi/7.2.1/thumb/v7e-m/fpv4-sp/softfp/crti.o
 .bss           0x0000000000000000        0x0 /Applications/Simplicity Studio.app/Contents/Eclipse/developer/toolchains/gnu_arm/7.2_2017q4/bin/../lib/gcc/arm-none-eabi/7.2.1/thumb/v7e-m/fpv4-sp/softfp/crti.o
 .data          0x0000000000000000        0x4 /Applications/Simplicity Studio.app/Contents/Eclipse/developer/toolchains/gnu_arm/7.2_2017q4/bin/../lib/gcc/arm-none-eabi/7.2.1/thumb/v7e-m/fpv4-sp/softfp/crtbegin.o
 .data          0x0000000000000000        0x0 /Applications/Simplicity Studio.app/Contents/Eclipse/developer/toolchains/gnu_arm/7.2_2017q4/bin/../lib/gcc/arm-none-eabi/7.2.1/../../../../arm-none-eabi/lib/thumb/v7e-m/fpv4-sp/softfp/crt0.o
 .bss           0x0000000000000000        0x0 /Applications/Simplicity Studio.app/Contents/Eclipse/developer/toolchains/gnu_arm/7.2_2017q4/bin/../lib/gcc/arm-none-eabi/7.2.1/../../../../arm-none-eabi/lib/thumb/v7e-m/fpv4-sp/softfp/crt0.o
 .ARM.extab     0x0000000000000000        0x0 /Applications/Simplicity Studio.app/Contents/Eclipse/developer/toolchains/gnu_arm/7.2_2017q4/bin/../lib/gcc/arm-none-eabi/7.2.1/../../../../arm-none-eabi/lib/thumb/v7e-m/fpv4-sp/softfp/crt0.o
 .data          0x0000000000000000        0x0 ./lib/efm32gg12b/src/startup_gcc_efm32gg12b.o
 .bss           0x0000000000000000        0x0 ./lib/efm32gg12b/src/startup_gcc_efm32gg12b.o
 .group         0x0000000000000000        0xc ./lib/efm32gg12b/src/system_efm32gg12b.o
 .group         0x0000000000000000        0xc ./lib/efm32gg12b/src/system_efm32gg12b.o
 .group         0x0000000000000000        0xc ./lib/efm32gg12b/src/system_efm32gg12b.o
 .group         0x0000000000000000        0xc ./lib/efm32gg12b/src/system_efm32gg12b.o
 .group         0x0000000000000000        0xc ./lib/efm32gg12b/src/system_efm32gg12b.o
 .group         0x0000000000000000        0xc ./lib/efm32gg12b/src/system_efm32gg12b.o
 .group         0x0000000000000000        0xc ./lib/efm32gg12b/src/system_efm32gg12b.o
 .group         0x0000000000000000        0xc ./lib/efm32gg12b/src/system_efm32gg12b.o
 .group         0x0000000000000000        0xc ./lib/efm32gg12b/src/system_efm32gg12b.o
 .group         0x0000000000000000        0xc ./lib/efm32gg12b/src/system_efm32gg12b.o
 .group         0x0000000000000000        0xc ./lib/efm32gg12b/src/system_efm32gg12b.o
 .group         0x0000000000000000        0xc ./lib/efm32gg12b/src/system_efm32gg12b.o
 .group         0x0000000000000000        0xc ./lib/efm32gg12b/src/system_efm32gg12b.o
 .group         0x0000000000000000        0xc ./lib/efm32gg12b/src/system_efm32gg12b.o
 .group         0x0000000000000000        0xc ./lib/efm32gg12b/src/system_efm32gg12b.o
 .group         0x0000000000000000        0xc ./lib/efm32gg12b/src/system_efm32gg12b.o
 .group         0x0000000000000000        0xc ./lib/efm32gg12b/src/system_efm32gg12b.o
 .group         0x0000000000000000        0xc ./lib/efm32gg12b/src/system_efm32gg12b.o
 .group         0x0000000000000000        0xc ./lib/efm32gg12b/src/system_efm32gg12b.o
 .group         0x0000000000000000        0xc ./lib/efm32gg12b/src/system_efm32gg12b.o
 .group         0x0000000000000000        0xc ./lib/efm32gg12b/src/system_efm32gg12b.o
 .group         0x0000000000000000        0xc ./lib/efm32gg12b/src/system_efm32gg12b.o
 .group         0x0000000000000000        0xc ./lib/efm32gg12b/src/system_efm32gg12b.o
 .group         0x0000000000000000        0xc ./lib/efm32gg12b/src/system_efm32gg12b.o
 .group         0x0000000000000000        0xc ./lib/efm32gg12b/src/system_efm32gg12b.o
 .group         0x0000000000000000        0xc ./lib/efm32gg12b/src/system_efm32gg12b.o
 .group         0x0000000000000000        0xc ./lib/efm32gg12b/src/system_efm32gg12b.o
 .group         0x0000000000000000        0xc ./lib/efm32gg12b/src/system_efm32gg12b.o
 .group         0x0000000000000000        0xc ./lib/efm32gg12b/src/system_efm32gg12b.o
 .group         0x0000000000000000        0xc ./lib/efm32gg12b/src/system_efm32gg12b.o
 .group         0x0000000000000000        0xc ./lib/efm32gg12b/src/system_efm32gg12b.o
 .group         0x0000000000000000        0xc ./lib/efm32gg12b/src/system_efm32gg12b.o
 .group         0x0000000000000000        0xc ./lib/efm32gg12b/src/system_efm32gg12b.o
 .group         0x0000000000000000        0xc ./lib/efm32gg12b/src/system_efm32gg12b.o
 .group         0x0000000000000000        0xc ./lib/efm32gg12b/src/system_efm32gg12b.o
 .group         0x0000000000000000        0xc ./lib/efm32gg12b/src/system_efm32gg12b.o
 .group         0x0000000000000000        0xc ./lib/efm32gg12b/src/system_efm32gg12b.o
 .group         0x0000000000000000        0xc ./lib/efm32gg12b/src/system_efm32gg12b.o
 .group         0x0000000000000000        0xc ./lib/efm32gg12b/src/system_efm32gg12b.o
 .group         0x0000000000000000        0xc ./lib/efm32gg12b/src/system_efm32gg12b.o
 .group         0x0000000000000000        0xc ./lib/efm32gg12b/src/system_efm32gg12b.o
 .group         0x0000000000000000        0xc ./lib/efm32gg12b/src/system_efm32gg12b.o
 .group         0x0000000000000000        0xc ./lib/efm32gg12b/src/system_efm32gg12b.o
 .group         0x0000000000000000        0xc ./lib/efm32gg12b/src/system_efm32gg12b.o
 .group         0x0000000000000000        0xc ./lib/efm32gg12b/src/system_efm32gg12b.o
 .group         0x0000000000000000        0xc ./lib/efm32gg12b/src/system_efm32gg12b.o
 .group         0x0000000000000000        0xc ./lib/efm32gg12b/src/system_efm32gg12b.o
 .group         0x0000000000000000        0xc ./lib/efm32gg12b/src/system_efm32gg12b.o
 .group         0x0000000000000000        0xc ./lib/efm32gg12b/src/system_efm32gg12b.o
 .group         0x0000000000000000        0xc ./lib/efm32gg12b/src/system_efm32gg12b.o
 .group         0x0000000000000000        0xc ./lib/efm32gg12b/src/system_efm32gg12b.o
 .group         0x0000000000000000        0xc ./lib/efm32gg12b/src/system_efm32gg12b.o
 .group         0x0000000000000000        0xc ./lib/efm32gg12b/src/system_efm32gg12b.o
 .group         0x0000000000000000        0xc ./lib/efm32gg12b/src/system_efm32gg12b.o
 .group         0x0000000000000000        0xc ./lib/efm32gg12b/src/system_efm32gg12b.o
 .group         0x0000000000000000        0xc ./lib/efm32gg12b/src/system_efm32gg12b.o
 .group         0x0000000000000000        0xc ./lib/efm32gg12b/src/system_efm32gg12b.o
 .group         0x0000000000000000        0xc ./lib/efm32gg12b/src/system_efm32gg12b.o
 .group         0x0000000000000000        0xc ./lib/efm32gg12b/src/system_efm32gg12b.o
 .text          0x0000000000000000        0x0 ./lib/efm32gg12b/src/system_efm32gg12b.o
 .data          0x0000000000000000        0x0 ./lib/efm32gg12b/src/system_efm32gg12b.o
 .bss           0x0000000000000000        0x0 ./lib/efm32gg12b/src/system_efm32gg12b.o
 .data.SystemHFXOClock
                0x0000000000000000        0x4 ./lib/efm32gg12b/src/system_efm32gg12b.o
 .data.SystemLFXOClock
                0x0000000000000000        0x4 ./lib/efm32gg12b/src/system_efm32gg12b.o
 .data.SystemCoreClock
                0x0000000000000000        0x4 ./lib/efm32gg12b/src/system_efm32gg12b.o
 .data.SystemHfrcoFreq
                0x0000000000000000        0x4 ./lib/efm32gg12b/src/system_efm32gg12b.o
 .text.SystemCoreClockGet
                0x0000000000000000       0x40 ./lib/efm32gg12b/src/system_efm32gg12b.o
 .text.SystemMaxCoreClockGet
                0x0000000000000000       0x14 ./lib/efm32gg12b/src/system_efm32gg12b.o
 .text.SystemHFClockGet
                0x0000000000000000       0xf4 ./lib/efm32gg12b/src/system_efm32gg12b.o
 .text.SystemHFXOClockGet
                0x0000000000000000       0x18 ./lib/efm32gg12b/src/system_efm32gg12b.o
 .text.SystemHFXOClockSet
                0x0000000000000000       0x30 ./lib/efm32gg12b/src/system_efm32gg12b.o
 .text.SystemLFRCOClockGet
                0x0000000000000000       0x12 ./lib/efm32gg12b/src/system_efm32gg12b.o
 .text.SystemULFRCOClockGet
                0x0000000000000000       0x12 ./lib/efm32gg12b/src/system_efm32gg12b.o
 .text.SystemLFXOClockGet
                0x0000000000000000       0x18 ./lib/efm32gg12b/src/system_efm32gg12b.o
 .text.SystemLFXOClockSet
                0x0000000000000000       0x30 ./lib/efm32gg12b/src/system_efm32gg12b.o
 .data          0x0000000000000000        0x0 ./main.o
 .bss           0x0000000000000000        0x0 ./main.o
 .text          0x0000000000000000        0x0 /Applications/Simplicity Studio.app/Contents/Eclipse/developer/toolchains/gnu_arm/7.2_2017q4/bin/../lib/gcc/arm-none-eabi/7.2.1/../../../../arm-none-eabi/lib/thumb/v7e-m/fpv4-sp/softfp/libc_nano.a(lib_a-exit.o)
 .data          0x0000000000000000        0x0 /Applications/Simplicity Studio.app/Contents/Eclipse/developer/toolchains/gnu_arm/7.2_2017q4/bin/../lib/gcc/arm-none-eabi/7.2.1/../../../../arm-none-eabi/lib/thumb/v7e-m/fpv4-sp/softfp/libc_nano.a(lib_a-exit.o)
 .bss           0x0000000000000000        0x0 /Applications/Simplicity Studio.app/Contents/Eclipse/developer/toolchains/gnu_arm/7.2_2017q4/bin/../lib/gcc/arm-none-eabi/7.2.1/../../../../arm-none-eabi/lib/thumb/v7e-m/fpv4-sp/softfp/libc_nano.a(lib_a-exit.o)
 .text          0x0000000000000000        0x0 /Applications/Simplicity Studio.app/Contents/Eclipse/developer/toolchains/gnu_arm/7.2_2017q4/bin/../lib/gcc/arm-none-eabi/7.2.1/../../../../arm-none-eabi/lib/thumb/v7e-m/fpv4-sp/softfp/libc_nano.a(lib_a-impure.o)
 .data          0x0000000000000000        0x0 /Applications/Simplicity Studio.app/Contents/Eclipse/developer/toolchains/gnu_arm/7.2_2017q4/bin/../lib/gcc/arm-none-eabi/7.2.1/../../../../arm-none-eabi/lib/thumb/v7e-m/fpv4-sp/softfp/libc_nano.a(lib_a-impure.o)
 .bss           0x0000000000000000        0x0 /Applications/Simplicity Studio.app/Contents/Eclipse/developer/toolchains/gnu_arm/7.2_2017q4/bin/../lib/gcc/arm-none-eabi/7.2.1/../../../../arm-none-eabi/lib/thumb/v7e-m/fpv4-sp/softfp/libc_nano.a(lib_a-impure.o)
 .data._impure_ptr
                0x0000000000000000        0x4 /Applications/Simplicity Studio.app/Contents/Eclipse/developer/toolchains/gnu_arm/7.2_2017q4/bin/../lib/gcc/arm-none-eabi/7.2.1/../../../../arm-none-eabi/lib/thumb/v7e-m/fpv4-sp/softfp/libc_nano.a(lib_a-impure.o)
 .text          0x0000000000000000        0x0 /Applications/Simplicity Studio.app/Contents/Eclipse/developer/toolchains/gnu_arm/7.2_2017q4/bin/../lib/gcc/arm-none-eabi/7.2.1/../../../../arm-none-eabi/lib/thumb/v7e-m/fpv4-sp/softfp/libc_nano.a(lib_a-init.o)
 .data          0x0000000000000000        0x0 /Applications/Simplicity Studio.app/Contents/Eclipse/developer/toolchains/gnu_arm/7.2_2017q4/bin/../lib/gcc/arm-none-eabi/7.2.1/../../../../arm-none-eabi/lib/thumb/v7e-m/fpv4-sp/softfp/libc_nano.a(lib_a-init.o)
 .bss           0x0000000000000000        0x0 /Applications/Simplicity Studio.app/Contents/Eclipse/developer/toolchains/gnu_arm/7.2_2017q4/bin/../lib/gcc/arm-none-eabi/7.2.1/../../../../arm-none-eabi/lib/thumb/v7e-m/fpv4-sp/softfp/libc_nano.a(lib_a-init.o)
 .text          0x0000000000000000        0x0 /Applications/Simplicity Studio.app/Contents/Eclipse/developer/toolchains/gnu_arm/7.2_2017q4/bin/../lib/gcc/arm-none-eabi/7.2.1/../../../../arm-none-eabi/lib/thumb/v7e-m/fpv4-sp/softfp/libc_nano.a(lib_a-memset.o)
 .data          0x0000000000000000        0x0 /Applications/Simplicity Studio.app/Contents/Eclipse/developer/toolchains/gnu_arm/7.2_2017q4/bin/../lib/gcc/arm-none-eabi/7.2.1/../../../../arm-none-eabi/lib/thumb/v7e-m/fpv4-sp/softfp/libc_nano.a(lib_a-memset.o)
 .bss           0x0000000000000000        0x0 /Applications/Simplicity Studio.app/Contents/Eclipse/developer/toolchains/gnu_arm/7.2_2017q4/bin/../lib/gcc/arm-none-eabi/7.2.1/../../../../arm-none-eabi/lib/thumb/v7e-m/fpv4-sp/softfp/libc_nano.a(lib_a-memset.o)
 .text          0x0000000000000000        0x0 /Applications/Simplicity Studio.app/Contents/Eclipse/developer/toolchains/gnu_arm/7.2_2017q4/bin/../lib/gcc/arm-none-eabi/7.2.1/../../../../arm-none-eabi/lib/thumb/v7e-m/fpv4-sp/softfp/libnosys.a(_exit.o)
 .data          0x0000000000000000        0x0 /Applications/Simplicity Studio.app/Contents/Eclipse/developer/toolchains/gnu_arm/7.2_2017q4/bin/../lib/gcc/arm-none-eabi/7.2.1/../../../../arm-none-eabi/lib/thumb/v7e-m/fpv4-sp/softfp/libnosys.a(_exit.o)
 .bss           0x0000000000000000        0x0 /Applications/Simplicity Studio.app/Contents/Eclipse/developer/toolchains/gnu_arm/7.2_2017q4/bin/../lib/gcc/arm-none-eabi/7.2.1/../../../../arm-none-eabi/lib/thumb/v7e-m/fpv4-sp/softfp/libnosys.a(_exit.o)
 .text          0x0000000000000000        0x0 /Applications/Simplicity Studio.app/Contents/Eclipse/developer/toolchains/gnu_arm/7.2_2017q4/bin/../lib/gcc/arm-none-eabi/7.2.1/thumb/v7e-m/fpv4-sp/softfp/crtend.o
 .data          0x0000000000000000        0x0 /Applications/Simplicity Studio.app/Contents/Eclipse/developer/toolchains/gnu_arm/7.2_2017q4/bin/../lib/gcc/arm-none-eabi/7.2.1/thumb/v7e-m/fpv4-sp/softfp/crtend.o
 .bss           0x0000000000000000        0x0 /Applications/Simplicity Studio.app/Contents/Eclipse/developer/toolchains/gnu_arm/7.2_2017q4/bin/../lib/gcc/arm-none-eabi/7.2.1/thumb/v7e-m/fpv4-sp/softfp/crtend.o
 .text          0x0000000000000000        0x0 /Applications/Simplicity Studio.app/Contents/Eclipse/developer/toolchains/gnu_arm/7.2_2017q4/bin/../lib/gcc/arm-none-eabi/7.2.1/thumb/v7e-m/fpv4-sp/softfp/crtn.o
 .data          0x0000000000000000        0x0 /Applications/Simplicity Studio.app/Contents/Eclipse/developer/toolchains/gnu_arm/7.2_2017q4/bin/../lib/gcc/arm-none-eabi/7.2.1/thumb/v7e-m/fpv4-sp/softfp/crtn.o
 .bss           0x0000000000000000        0x0 /Applications/Simplicity Studio.app/Contents/Eclipse/developer/toolchains/gnu_arm/7.2_2017q4/bin/../lib/gcc/arm-none-eabi/7.2.1/thumb/v7e-m/fpv4-sp/softfp/crtn.o

Memory Configuration

Name             Origin             Length             Attributes
FLASH            0x0000000000000000 0x0000000000100000 xr
RAM              0x0000000020000000 0x0000000000030000 xrw
*default*        0x0000000000000000 0xffffffffffffffff

Linker script and memory map

LOAD /Applications/Simplicity Studio.app/Contents/Eclipse/developer/toolchains/gnu_arm/7.2_2017q4/bin/../lib/gcc/arm-none-eabi/7.2.1/thumb/v7e-m/fpv4-sp/softfp/crti.o
LOAD /Applications/Simplicity Studio.app/Contents/Eclipse/developer/toolchains/gnu_arm/7.2_2017q4/bin/../lib/gcc/arm-none-eabi/7.2.1/thumb/v7e-m/fpv4-sp/softfp/crtbegin.o
LOAD /Applications/Simplicity Studio.app/Contents/Eclipse/developer/toolchains/gnu_arm/7.2_2017q4/bin/../lib/gcc/arm-none-eabi/7.2.1/../../../../arm-none-eabi/lib/thumb/v7e-m/fpv4-sp/softfp/crt0.o
LOAD ./lib/efm32gg12b/src/startup_gcc_efm32gg12b.o
LOAD ./lib/efm32gg12b/src/system_efm32gg12b.o
LOAD ./main.o
START GROUP
LOAD /Applications/Simplicity Studio.app/Contents/Eclipse/developer/toolchains/gnu_arm/7.2_2017q4/bin/../lib/gcc/arm-none-eabi/7.2.1/thumb/v7e-m/fpv4-sp/softfp/libgcc.a
LOAD /Applications/Simplicity Studio.app/Contents/Eclipse/developer/toolchains/gnu_arm/7.2_2017q4/bin/../lib/gcc/arm-none-eabi/7.2.1/../../../../arm-none-eabi/lib/thumb/v7e-m/fpv4-sp/softfp/libc_nano.a
LOAD /Applications/Simplicity Studio.app/Contents/Eclipse/developer/toolchains/gnu_arm/7.2_2017q4/bin/../lib/gcc/arm-none-eabi/7.2.1/../../../../arm-none-eabi/lib/thumb/v7e-m/fpv4-sp/softfp/libnosys.a
END GROUP
START GROUP
LOAD /Applications/Simplicity Studio.app/Contents/Eclipse/developer/toolchains/gnu_arm/7.2_2017q4/bin/../lib/gcc/arm-none-eabi/7.2.1/thumb/v7e-m/fpv4-sp/softfp/libgcc.a
LOAD /Applications/Simplicity Studio.app/Contents/Eclipse/developer/toolchains/gnu_arm/7.2_2017q4/bin/../lib/gcc/arm-none-eabi/7.2.1/../../../../arm-none-eabi/lib/thumb/v7e-m/fpv4-sp/softfp/libg_nano.a
LOAD /Applications/Simplicity Studio.app/Contents/Eclipse/developer/toolchains/gnu_arm/7.2_2017q4/bin/../lib/gcc/arm-none-eabi/7.2.1/../../../../arm-none-eabi/lib/thumb/v7e-m/fpv4-sp/softfp/libc_nano.a
END GROUP
START GROUP
LOAD /Applications/Simplicity Studio.app/Contents/Eclipse/developer/toolchains/gnu_arm/7.2_2017q4/bin/../lib/gcc/arm-none-eabi/7.2.1/thumb/v7e-m/fpv4-sp/softfp/libgcc.a
LOAD /Applications/Simplicity Studio.app/Contents/Eclipse/developer/toolchains/gnu_arm/7.2_2017q4/bin/../lib/gcc/arm-none-eabi/7.2.1/../../../../arm-none-eabi/lib/thumb/v7e-m/fpv4-sp/softfp/libc_nano.a
END GROUP
LOAD /Applications/Simplicity Studio.app/Contents/Eclipse/developer/toolchains/gnu_arm/7.2_2017q4/bin/../lib/gcc/arm-none-eabi/7.2.1/thumb/v7e-m/fpv4-sp/softfp/crtend.o
LOAD /Applications/Simplicity Studio.app/Contents/Eclipse/developer/toolchains/gnu_arm/7.2_2017q4/bin/../lib/gcc/arm-none-eabi/7.2.1/thumb/v7e-m/fpv4-sp/softfp/crtn.o

.text           0x0000000000000000      0x334
 *(.vectors)
 .vectors       0x0000000000000000      0x130 ./lib/efm32gg12b/src/startup_gcc_efm32gg12b.o
                0x0000000000000000                __Vectors
                0x0000000000000130                __Vectors_End = .
                0x0000000000000130                __Vectors_Size = (__Vectors_End - __Vectors)
                0x0000000000000130                __end__ = .
 *(.text*)
 .text          0x0000000000000130       0x40 /Applications/Simplicity Studio.app/Contents/Eclipse/developer/toolchains/gnu_arm/7.2_2017q4/bin/../lib/gcc/arm-none-eabi/7.2.1/thumb/v7e-m/fpv4-sp/softfp/crtbegin.o
 .text          0x0000000000000170       0x74 /Applications/Simplicity Studio.app/Contents/Eclipse/developer/toolchains/gnu_arm/7.2_2017q4/bin/../lib/gcc/arm-none-eabi/7.2.1/../../../../arm-none-eabi/lib/thumb/v7e-m/fpv4-sp/softfp/crt0.o
                0x0000000000000170                _mainCRTStartup
                0x0000000000000170                _start
 .text          0x00000000000001e4       0x30 ./lib/efm32gg12b/src/startup_gcc_efm32gg12b.o
                0x00000000000001e4                Reset_Handler
                0x0000000000000210                DebugMon_Handler
                0x0000000000000210                USART0_TX_IRQHandler
                0x0000000000000210                I2C0_IRQHandler
                0x0000000000000210                HardFault_Handler
                0x0000000000000210                LEUART1_IRQHandler
                0x0000000000000210                SysTick_Handler
                0x0000000000000210                SDIO_IRQHandler
                0x0000000000000210                USART1_RX_IRQHandler
                0x0000000000000210                PendSV_Handler
                0x0000000000000210                NMI_Handler
                0x0000000000000210                I2C1_IRQHandler
                0x0000000000000210                CAN1_IRQHandler
                0x0000000000000210                WTIMER0_IRQHandler
                0x0000000000000210                PDM_IRQHandler
                0x0000000000000210                CRYPTO0_IRQHandler
                0x0000000000000210                WDOG0_IRQHandler
                0x0000000000000210                TIMER3_IRQHandler
                0x0000000000000210                USART1_TX_IRQHandler
                0x0000000000000210                USART4_RX_IRQHandler
                0x0000000000000210                SMU_IRQHandler
                0x0000000000000210                MSC_IRQHandler
                0x0000000000000210                ADC0_IRQHandler
                0x0000000000000210                UsageFault_Handler
                0x0000000000000210                WDOG1_IRQHandler
                0x0000000000000210                LEUART0_IRQHandler
                0x0000000000000210                FPUEH_IRQHandler
                0x0000000000000210                WTIMER1_IRQHandler
                0x0000000000000210                GPIO_EVEN_IRQHandler
                0x0000000000000210                UART0_TX_IRQHandler
                0x0000000000000210                UART1_TX_IRQHandler
                0x0000000000000210                VDAC0_IRQHandler
                0x0000000000000210                QSPI0_IRQHandler
                0x0000000000000210                LDMA_IRQHandler
                0x0000000000000210                CSEN_IRQHandler
                0x0000000000000210                ADC1_IRQHandler
                0x0000000000000210                RTC_IRQHandler
                0x0000000000000210                TIMER0_IRQHandler
                0x0000000000000210                LCD_IRQHandler
                0x0000000000000210                PCNT2_IRQHandler
                0x0000000000000210                UART0_RX_IRQHandler
                0x0000000000000210                LETIMER0_IRQHandler
                0x0000000000000210                TIMER1_IRQHandler
                0x0000000000000210                TRNG0_IRQHandler
                0x0000000000000210                USART2_RX_IRQHandler
                0x0000000000000210                Default_Handler
                0x0000000000000210                EMU_IRQHandler
                0x0000000000000210                CRYOTIMER_IRQHandler
                0x0000000000000210                PCNT0_IRQHandler
                0x0000000000000210                sl_app_properties
                0x0000000000000210                USB_IRQHandler
                0x0000000000000210                USART4_TX_IRQHandler
                0x0000000000000210                PCNT1_IRQHandler
                0x0000000000000210                ACMP0_IRQHandler
                0x0000000000000210                USART0_RX_IRQHandler
                0x0000000000000210                MemManage_Handler
                0x0000000000000210                SVC_Handler
                0x0000000000000210                USART3_RX_IRQHandler
                0x0000000000000210                RTCC_IRQHandler
                0x0000000000000210                UART1_RX_IRQHandler
                0x0000000000000210                CMU_IRQHandler
                0x0000000000000210                EBI_IRQHandler
                0x0000000000000210                CAN0_IRQHandler
                0x0000000000000210                LESENSE_IRQHandler
                0x0000000000000210                GPIO_ODD_IRQHandler
                0x0000000000000210                USART3_TX_IRQHandler
                0x0000000000000210                LETIMER1_IRQHandler
                0x0000000000000210                ACMP2_IRQHandler
                0x0000000000000210                BusFault_Handler
                0x0000000000000210                USART2_TX_IRQHandler
                0x0000000000000210                TIMER2_IRQHandler
                0x0000000000000210                IDAC0_IRQHandler
 .text.SystemInit
                0x0000000000000214       0x2c ./lib/efm32gg12b/src/system_efm32gg12b.o
                0x0000000000000214                SystemInit
 .text          0x0000000000000240       0x50 ./main.o
                0x0000000000000264                main
 .text.exit     0x0000000000000290       0x28 /Applications/Simplicity Studio.app/Contents/Eclipse/developer/toolchains/gnu_arm/7.2_2017q4/bin/../lib/gcc/arm-none-eabi/7.2.1/../../../../arm-none-eabi/lib/thumb/v7e-m/fpv4-sp/softfp/libc_nano.a(lib_a-exit.o)
                0x0000000000000290                exit
 .text.__libc_init_array
                0x00000000000002b8       0x48 /Applications/Simplicity Studio.app/Contents/Eclipse/developer/toolchains/gnu_arm/7.2_2017q4/bin/../lib/gcc/arm-none-eabi/7.2.1/../../../../arm-none-eabi/lib/thumb/v7e-m/fpv4-sp/softfp/libc_nano.a(lib_a-init.o)
                0x00000000000002b8                __libc_init_array
 .text.memset   0x0000000000000300       0x10 /Applications/Simplicity Studio.app/Contents/Eclipse/developer/toolchains/gnu_arm/7.2_2017q4/bin/../lib/gcc/arm-none-eabi/7.2.1/../../../../arm-none-eabi/lib/thumb/v7e-m/fpv4-sp/softfp/libc_nano.a(lib_a-memset.o)
                0x0000000000000300                memset
 .text._exit    0x0000000000000310        0x4 /Applications/Simplicity Studio.app/Contents/Eclipse/developer/toolchains/gnu_arm/7.2_2017q4/bin/../lib/gcc/arm-none-eabi/7.2.1/../../../../arm-none-eabi/lib/thumb/v7e-m/fpv4-sp/softfp/libnosys.a(_exit.o)
                0x0000000000000310                _exit
 *(.init)
 .init          0x0000000000000314        0x4 /Applications/Simplicity Studio.app/Contents/Eclipse/developer/toolchains/gnu_arm/7.2_2017q4/bin/../lib/gcc/arm-none-eabi/7.2.1/thumb/v7e-m/fpv4-sp/softfp/crti.o
                0x0000000000000314                _init
 .init          0x0000000000000318        0x8 /Applications/Simplicity Studio.app/Contents/Eclipse/developer/toolchains/gnu_arm/7.2_2017q4/bin/../lib/gcc/arm-none-eabi/7.2.1/thumb/v7e-m/fpv4-sp/softfp/crtn.o
 *(.fini)
 .fini          0x0000000000000320        0x4 /Applications/Simplicity Studio.app/Contents/Eclipse/developer/toolchains/gnu_arm/7.2_2017q4/bin/../lib/gcc/arm-none-eabi/7.2.1/thumb/v7e-m/fpv4-sp/softfp/crti.o
                0x0000000000000320                _fini
 .fini          0x0000000000000324        0x8 /Applications/Simplicity Studio.app/Contents/Eclipse/developer/toolchains/gnu_arm/7.2_2017q4/bin/../lib/gcc/arm-none-eabi/7.2.1/thumb/v7e-m/fpv4-sp/softfp/crtn.o
 *crtbegin.o(.ctors)
 *crtbegin?.o(.ctors)
 *(EXCLUDE_FILE(*crtend.o *crtend?.o) .ctors)
 *(SORT_BY_NAME(.ctors.*))
 *(.ctors)
 *crtbegin.o(.dtors)
 *crtbegin?.o(.dtors)
 *(EXCLUDE_FILE(*crtend.o *crtend?.o) .dtors)
 *(SORT_BY_NAME(.dtors.*))
 *(.dtors)
 *(.rodata*)
 .rodata._global_impure_ptr
                0x000000000000032c        0x4 /Applications/Simplicity Studio.app/Contents/Eclipse/developer/toolchains/gnu_arm/7.2_2017q4/bin/../lib/gcc/arm-none-eabi/7.2.1/../../../../arm-none-eabi/lib/thumb/v7e-m/fpv4-sp/softfp/libc_nano.a(lib_a-impure.o)
                0x000000000000032c                _global_impure_ptr
 *(.eh_frame*)
 .eh_frame      0x0000000000000330        0x0 /Applications/Simplicity Studio.app/Contents/Eclipse/developer/toolchains/gnu_arm/7.2_2017q4/bin/../lib/gcc/arm-none-eabi/7.2.1/thumb/v7e-m/fpv4-sp/softfp/crtbegin.o
 .eh_frame      0x0000000000000330        0x4 /Applications/Simplicity Studio.app/Contents/Eclipse/developer/toolchains/gnu_arm/7.2_2017q4/bin/../lib/gcc/arm-none-eabi/7.2.1/thumb/v7e-m/fpv4-sp/softfp/crtend.o

.glue_7         0x0000000000000334        0x0
 .glue_7        0x0000000000000334        0x0 linker stubs

.glue_7t        0x0000000000000334        0x0
 .glue_7t       0x0000000000000334        0x0 linker stubs

.vfp11_veneer   0x0000000000000334        0x0
 .vfp11_veneer  0x0000000000000334        0x0 linker stubs

.v4_bx          0x0000000000000334        0x0
 .v4_bx         0x0000000000000334        0x0 linker stubs

.iplt           0x0000000000000334        0x0
 .iplt          0x0000000000000334        0x0 /Applications/Simplicity Studio.app/Contents/Eclipse/developer/toolchains/gnu_arm/7.2_2017q4/bin/../lib/gcc/arm-none-eabi/7.2.1/thumb/v7e-m/fpv4-sp/softfp/crtbegin.o

.ARM.extab
 *(.ARM.extab* .gnu.linkonce.armextab.*)
                0x0000000000000334                __exidx_start = .

.ARM.exidx      0x0000000000000334        0x8
 *(.ARM.exidx* .gnu.linkonce.armexidx.*)
 .ARM.exidx     0x0000000000000334        0x8 /Applications/Simplicity Studio.app/Contents/Eclipse/developer/toolchains/gnu_arm/7.2_2017q4/bin/../lib/gcc/arm-none-eabi/7.2.1/../../../../arm-none-eabi/lib/thumb/v7e-m/fpv4-sp/softfp/crt0.o
                0x000000000000033c                __exidx_end = .
                0x000000000000033c                __etext = .

.rel.dyn        0x000000000000033c        0x0
 .rel.iplt      0x000000000000033c        0x0 /Applications/Simplicity Studio.app/Contents/Eclipse/developer/toolchains/gnu_arm/7.2_2017q4/bin/../lib/gcc/arm-none-eabi/7.2.1/thumb/v7e-m/fpv4-sp/softfp/crtbegin.o

.data           0x0000000020000000       0x68 load address 0x000000000000033c
                0x0000000020000000                __data_start__ = .
 *(vtable)
 *(.data*)
 .data.impure_data
                0x0000000020000000       0x60 /Applications/Simplicity Studio.app/Contents/Eclipse/developer/toolchains/gnu_arm/7.2_2017q4/bin/../lib/gcc/arm-none-eabi/7.2.1/../../../../arm-none-eabi/lib/thumb/v7e-m/fpv4-sp/softfp/libc_nano.a(lib_a-impure.o)
                0x0000000020000060                . = ALIGN (0x4)
                [!provide]                        PROVIDE (__ram_func_section_start, .)
 *(.ram)
                [!provide]                        PROVIDE (__ram_func_section_end, .)
                0x0000000020000060                . = ALIGN (0x4)
                0x0000000020000060                PROVIDE (__preinit_array_start, .)
 *(.preinit_array)
                0x0000000020000060                PROVIDE (__preinit_array_end, .)
                0x0000000020000060                . = ALIGN (0x4)
                0x0000000020000060                PROVIDE (__init_array_start, .)
 *(SORT_BY_NAME(.init_array.*))
 *(.init_array)
 .init_array    0x0000000020000060        0x4 /Applications/Simplicity Studio.app/Contents/Eclipse/developer/toolchains/gnu_arm/7.2_2017q4/bin/../lib/gcc/arm-none-eabi/7.2.1/thumb/v7e-m/fpv4-sp/softfp/crtbegin.o
                0x0000000020000064                PROVIDE (__init_array_end, .)
                0x0000000020000064                . = ALIGN (0x4)
                [!provide]                        PROVIDE (__fini_array_start, .)
 *(SORT_BY_NAME(.fini_array.*))
 *(.fini_array)
 .fini_array    0x0000000020000064        0x4 /Applications/Simplicity Studio.app/Contents/Eclipse/developer/toolchains/gnu_arm/7.2_2017q4/bin/../lib/gcc/arm-none-eabi/7.2.1/thumb/v7e-m/fpv4-sp/softfp/crtbegin.o
                [!provide]                        PROVIDE (__fini_array_end, .)
 *(.jcr*)
                0x0000000020000068                . = ALIGN (0x4)
                0x0000000020000068                __data_end__ = .

.igot.plt       0x0000000020000068        0x0 load address 0x00000000000003a4
 .igot.plt      0x0000000020000068        0x0 /Applications/Simplicity Studio.app/Contents/Eclipse/developer/toolchains/gnu_arm/7.2_2017q4/bin/../lib/gcc/arm-none-eabi/7.2.1/thumb/v7e-m/fpv4-sp/softfp/crtbegin.o

.bss            0x0000000020000068       0x1c load address 0x00000000000003a4
                0x0000000020000068                . = ALIGN (0x4)
                0x0000000020000068                __bss_start__ = .
 *(.bss*)
 .bss           0x0000000020000068       0x1c /Applications/Simplicity Studio.app/Contents/Eclipse/developer/toolchains/gnu_arm/7.2_2017q4/bin/../lib/gcc/arm-none-eabi/7.2.1/thumb/v7e-m/fpv4-sp/softfp/crtbegin.o
 *(COMMON)
                0x0000000020000084                . = ALIGN (0x4)
                0x0000000020000084                __bss_end__ = .

.heap           0x0000000020000088      0xc00
                0x0000000020000088                __HeapBase = .
                0x0000000020000088                __end__ = .
                0x0000000020000088                end = __end__
                0x0000000020000088                _end = __end__
 *(.heap*)
 .heap          0x0000000020000088      0xc00 ./lib/efm32gg12b/src/startup_gcc_efm32gg12b.o
                0x0000000020000c88                __HeapLimit = .

.stack_dummy    0x0000000020000088      0x400
 *(.stack*)
 .stack         0x0000000020000088      0x400 ./lib/efm32gg12b/src/startup_gcc_efm32gg12b.o
                0x0000000020030000                __StackTop = (ORIGIN (RAM) + LENGTH (RAM))
                0x000000002002fc00                __StackLimit = (__StackTop - SIZEOF (.stack_dummy))
                0x0000000020030000                PROVIDE (__stack, __StackTop)
                0x0000000000000001                ASSERT ((__StackLimit >= __HeapLimit), region RAM overflowed with stack)
                0x0000000000000001                ASSERT ((LENGTH (FLASH) >= (__etext + SIZEOF (.data))), FLASH memory overflowed !)
OUTPUT(gg12_gpio_asm_default.axf elf32-littlearm)

.ARM.attributes
                0x0000000000000000       0x2e
 .ARM.attributes
                0x0000000000000000       0x22 /Applications/Simplicity Studio.app/Contents/Eclipse/developer/toolchains/gnu_arm/7.2_2017q4/bin/../lib/gcc/arm-none-eabi/7.2.1/thumb/v7e-m/fpv4-sp/softfp/crti.o
 .ARM.attributes
                0x0000000000000022       0x32 /Applications/Simplicity Studio.app/Contents/Eclipse/developer/toolchains/gnu_arm/7.2_2017q4/bin/../lib/gcc/arm-none-eabi/7.2.1/thumb/v7e-m/fpv4-sp/softfp/crtbegin.o
 .ARM.attributes
                0x0000000000000054       0x20 /Applications/Simplicity Studio.app/Contents/Eclipse/developer/toolchains/gnu_arm/7.2_2017q4/bin/../lib/gcc/arm-none-eabi/7.2.1/../../../../arm-none-eabi/lib/thumb/v7e-m/fpv4-sp/softfp/crt0.o
 .ARM.attributes
                0x0000000000000074       0x1f ./lib/efm32gg12b/src/startup_gcc_efm32gg12b.o
 .ARM.attributes
                0x0000000000000093       0x37 ./lib/efm32gg12b/src/system_efm32gg12b.o
 .ARM.attributes
                0x00000000000000ca       0x25 ./main.o
 .ARM.attributes
                0x00000000000000ef       0x32 /Applications/Simplicity Studio.app/Contents/Eclipse/developer/toolchains/gnu_arm/7.2_2017q4/bin/../lib/gcc/arm-none-eabi/7.2.1/../../../../arm-none-eabi/lib/thumb/v7e-m/fpv4-sp/softfp/libc_nano.a(lib_a-exit.o)
 .ARM.attributes
                0x0000000000000121       0x32 /Applications/Simplicity Studio.app/Contents/Eclipse/developer/toolchains/gnu_arm/7.2_2017q4/bin/../lib/gcc/arm-none-eabi/7.2.1/../../../../arm-none-eabi/lib/thumb/v7e-m/fpv4-sp/softfp/libc_nano.a(lib_a-impure.o)
 .ARM.attributes
                0x0000000000000153       0x32 /Applications/Simplicity Studio.app/Contents/Eclipse/developer/toolchains/gnu_arm/7.2_2017q4/bin/../lib/gcc/arm-none-eabi/7.2.1/../../../../arm-none-eabi/lib/thumb/v7e-m/fpv4-sp/softfp/libc_nano.a(lib_a-init.o)
 .ARM.attributes
                0x0000000000000185       0x32 /Applications/Simplicity Studio.app/Contents/Eclipse/developer/toolchains/gnu_arm/7.2_2017q4/bin/../lib/gcc/arm-none-eabi/7.2.1/../../../../arm-none-eabi/lib/thumb/v7e-m/fpv4-sp/softfp/libc_nano.a(lib_a-memset.o)
 .ARM.attributes
                0x00000000000001b7       0x32 /Applications/Simplicity Studio.app/Contents/Eclipse/developer/toolchains/gnu_arm/7.2_2017q4/bin/../lib/gcc/arm-none-eabi/7.2.1/../../../../arm-none-eabi/lib/thumb/v7e-m/fpv4-sp/softfp/libnosys.a(_exit.o)
 .ARM.attributes
                0x00000000000001e9       0x32 /Applications/Simplicity Studio.app/Contents/Eclipse/developer/toolchains/gnu_arm/7.2_2017q4/bin/../lib/gcc/arm-none-eabi/7.2.1/thumb/v7e-m/fpv4-sp/softfp/crtend.o
 .ARM.attributes
                0x000000000000021b       0x22 /Applications/Simplicity Studio.app/Contents/Eclipse/developer/toolchains/gnu_arm/7.2_2017q4/bin/../lib/gcc/arm-none-eabi/7.2.1/thumb/v7e-m/fpv4-sp/softfp/crtn.o

.comment        0x0000000000000000       0x7e
 .comment       0x0000000000000000       0x7e ./lib/efm32gg12b/src/system_efm32gg12b.o
                                         0x7f (size before relaxing)

.debug_line     0x0000000000000000      0xb35
 .debug_line    0x0000000000000000       0x7a ./lib/efm32gg12b/src/startup_gcc_efm32gg12b.o
 .debug_line    0x000000000000007a      0xa60 ./lib/efm32gg12b/src/system_efm32gg12b.o
 .debug_line    0x0000000000000ada       0x5b ./main.o

.debug_info     0x0000000000000000      0xa1f
 .debug_info    0x0000000000000000       0x26 ./lib/efm32gg12b/src/startup_gcc_efm32gg12b.o
 .debug_info    0x0000000000000026      0x9d3 ./lib/efm32gg12b/src/system_efm32gg12b.o
 .debug_info    0x00000000000009f9       0x26 ./main.o

.debug_abbrev   0x0000000000000000      0x215
 .debug_abbrev  0x0000000000000000       0x14 ./lib/efm32gg12b/src/startup_gcc_efm32gg12b.o
 .debug_abbrev  0x0000000000000014      0x1ed ./lib/efm32gg12b/src/system_efm32gg12b.o
 .debug_abbrev  0x0000000000000201       0x14 ./main.o

.debug_aranges  0x0000000000000000       0xa8
 .debug_aranges
                0x0000000000000000       0x20 ./lib/efm32gg12b/src/startup_gcc_efm32gg12b.o
 .debug_aranges
                0x0000000000000020       0x68 ./lib/efm32gg12b/src/system_efm32gg12b.o
 .debug_aranges
                0x0000000000000088       0x20 ./main.o

.debug_str      0x0000000000000000   0x1b70ae
 .debug_str     0x0000000000000000       0x9e ./lib/efm32gg12b/src/startup_gcc_efm32gg12b.o
 .debug_str     0x000000000000009e   0x1b7006 ./lib/efm32gg12b/src/system_efm32gg12b.o
                                     0x1b821f (size before relaxing)
 .debug_str     0x00000000001b70a4        0xa ./main.o
                                         0x79 (size before relaxing)

.debug_loc      0x0000000000000000      0x2e4
 .debug_loc     0x0000000000000000      0x2e4 ./lib/efm32gg12b/src/system_efm32gg12b.o

.debug_ranges   0x0000000000000000       0x58
 .debug_ranges  0x0000000000000000       0x58 ./lib/efm32gg12b/src/system_efm32gg12b.o

.debug_macro    0x0000000000000000    0x4294c
 .debug_macro   0x0000000000000000      0x2f0 ./lib/efm32gg12b/src/system_efm32gg12b.o
 .debug_macro   0x00000000000002f0      0xa48 ./lib/efm32gg12b/src/system_efm32gg12b.o
 .debug_macro   0x0000000000000d38       0x22 ./lib/efm32gg12b/src/system_efm32gg12b.o
 .debug_macro   0x0000000000000d5a       0x4f ./lib/efm32gg12b/src/system_efm32gg12b.o
 .debug_macro   0x0000000000000da9       0x51 ./lib/efm32gg12b/src/system_efm32gg12b.o
 .debug_macro   0x0000000000000dfa       0xef ./lib/efm32gg12b/src/system_efm32gg12b.o
 .debug_macro   0x0000000000000ee9       0x6a ./lib/efm32gg12b/src/system_efm32gg12b.o
 .debug_macro   0x0000000000000f53      0x1df ./lib/efm32gg12b/src/system_efm32gg12b.o
 .debug_macro   0x0000000000001132      0x5c8 ./lib/efm32gg12b/src/system_efm32gg12b.o
 .debug_macro   0x00000000000016fa       0x1c ./lib/efm32gg12b/src/system_efm32gg12b.o
 .debug_macro   0x0000000000001716       0x22 ./lib/efm32gg12b/src/system_efm32gg12b.o
 .debug_macro   0x0000000000001738       0xdf ./lib/efm32gg12b/src/system_efm32gg12b.o
 .debug_macro   0x0000000000001817      0xff5 ./lib/efm32gg12b/src/system_efm32gg12b.o
 .debug_macro   0x000000000000280c       0xe2 ./lib/efm32gg12b/src/system_efm32gg12b.o
 .debug_macro   0x00000000000028ee     0x141b ./lib/efm32gg12b/src/system_efm32gg12b.o
 .debug_macro   0x0000000000003d09     0x2ec4 ./lib/efm32gg12b/src/system_efm32gg12b.o
 .debug_macro   0x0000000000006bcd      0x34c ./lib/efm32gg12b/src/system_efm32gg12b.o
 .debug_macro   0x0000000000006f19     0x40c4 ./lib/efm32gg12b/src/system_efm32gg12b.o
 .debug_macro   0x000000000000afdd     0x1b58 ./lib/efm32gg12b/src/system_efm32gg12b.o
 .debug_macro   0x000000000000cb35     0x3013 ./lib/efm32gg12b/src/system_efm32gg12b.o
 .debug_macro   0x000000000000fb48     0x2914 ./lib/efm32gg12b/src/system_efm32gg12b.o
 .debug_macro   0x000000000001245c     0x2f71 ./lib/efm32gg12b/src/system_efm32gg12b.o
 .debug_macro   0x00000000000153cd      0xb45 ./lib/efm32gg12b/src/system_efm32gg12b.o
 .debug_macro   0x0000000000015f12     0x23ef ./lib/efm32gg12b/src/system_efm32gg12b.o
 .debug_macro   0x0000000000018301     0x1d66 ./lib/efm32gg12b/src/system_efm32gg12b.o
 .debug_macro   0x000000000001a067      0xfdd ./lib/efm32gg12b/src/system_efm32gg12b.o
 .debug_macro   0x000000000001b044      0x344 ./lib/efm32gg12b/src/system_efm32gg12b.o
 .debug_macro   0x000000000001b388      0x29d ./lib/efm32gg12b/src/system_efm32gg12b.o
 .debug_macro   0x000000000001b625      0xd8c ./lib/efm32gg12b/src/system_efm32gg12b.o
 .debug_macro   0x000000000001c3b1     0x1eaa ./lib/efm32gg12b/src/system_efm32gg12b.o
 .debug_macro   0x000000000001e25b     0x2a5c ./lib/efm32gg12b/src/system_efm32gg12b.o
 .debug_macro   0x0000000000020cb7     0x1929 ./lib/efm32gg12b/src/system_efm32gg12b.o
 .debug_macro   0x00000000000225e0     0x10cb ./lib/efm32gg12b/src/system_efm32gg12b.o
 .debug_macro   0x00000000000236ab      0xbea ./lib/efm32gg12b/src/system_efm32gg12b.o
 .debug_macro   0x0000000000024295      0x249 ./lib/efm32gg12b/src/system_efm32gg12b.o
 .debug_macro   0x00000000000244de      0xe4a ./lib/efm32gg12b/src/system_efm32gg12b.o
 .debug_macro   0x0000000000025328     0x1365 ./lib/efm32gg12b/src/system_efm32gg12b.o
 .debug_macro   0x000000000002668d     0x3d27 ./lib/efm32gg12b/src/system_efm32gg12b.o
 .debug_macro   0x000000000002a3b4     0x22ba ./lib/efm32gg12b/src/system_efm32gg12b.o
 .debug_macro   0x000000000002c66e     0x2a0d ./lib/efm32gg12b/src/system_efm32gg12b.o
 .debug_macro   0x000000000002f07b     0x4ad4 ./lib/efm32gg12b/src/system_efm32gg12b.o
 .debug_macro   0x0000000000033b4f      0x744 ./lib/efm32gg12b/src/system_efm32gg12b.o
 .debug_macro   0x0000000000034293     0x1738 ./lib/efm32gg12b/src/system_efm32gg12b.o
 .debug_macro   0x00000000000359cb      0xca4 ./lib/efm32gg12b/src/system_efm32gg12b.o
 .debug_macro   0x000000000003666f      0x1ea ./lib/efm32gg12b/src/system_efm32gg12b.o
 .debug_macro   0x0000000000036859     0x102d ./lib/efm32gg12b/src/system_efm32gg12b.o
 .debug_macro   0x0000000000037886      0x6fb ./lib/efm32gg12b/src/system_efm32gg12b.o
 .debug_macro   0x0000000000037f81     0x1021 ./lib/efm32gg12b/src/system_efm32gg12b.o
 .debug_macro   0x0000000000038fa2      0xbd8 ./lib/efm32gg12b/src/system_efm32gg12b.o
 .debug_macro   0x0000000000039b7a      0x56b ./lib/efm32gg12b/src/system_efm32gg12b.o
 .debug_macro   0x000000000003a0e5     0x26df ./lib/efm32gg12b/src/system_efm32gg12b.o
 .debug_macro   0x000000000003c7c4       0x40 ./lib/efm32gg12b/src/system_efm32gg12b.o
 .debug_macro   0x000000000003c804      0x3c3 ./lib/efm32gg12b/src/system_efm32gg12b.o
 .debug_macro   0x000000000003cbc7      0x44c ./lib/efm32gg12b/src/system_efm32gg12b.o
 .debug_macro   0x000000000003d013      0x215 ./lib/efm32gg12b/src/system_efm32gg12b.o
 .debug_macro   0x000000000003d228     0x1ed5 ./lib/efm32gg12b/src/system_efm32gg12b.o
 .debug_macro   0x000000000003f0fd     0x2a34 ./lib/efm32gg12b/src/system_efm32gg12b.o
 .debug_macro   0x0000000000041b31       0x35 ./lib/efm32gg12b/src/system_efm32gg12b.o
 .debug_macro   0x0000000000041b66      0x6f3 ./lib/efm32gg12b/src/system_efm32gg12b.o
 .debug_macro   0x0000000000042259      0x6f3 ./lib/efm32gg12b/src/system_efm32gg12b.o

.debug_frame    0x0000000000000000      0x1f8
 .debug_frame   0x0000000000000000      0x164 ./lib/efm32gg12b/src/system_efm32gg12b.o
 .debug_frame   0x0000000000000164       0x28 /Applications/Simplicity Studio.app/Contents/Eclipse/developer/toolchains/gnu_arm/7.2_2017q4/bin/../lib/gcc/arm-none-eabi/7.2.1/../../../../arm-none-eabi/lib/thumb/v7e-m/fpv4-sp/softfp/libc_nano.a(lib_a-exit.o)
 .debug_frame   0x000000000000018c       0x2c /Applications/Simplicity Studio.app/Contents/Eclipse/developer/toolchains/gnu_arm/7.2_2017q4/bin/../lib/gcc/arm-none-eabi/7.2.1/../../../../arm-none-eabi/lib/thumb/v7e-m/fpv4-sp/softfp/libc_nano.a(lib_a-init.o)
 .debug_frame   0x00000000000001b8       0x20 /Applications/Simplicity Studio.app/Contents/Eclipse/developer/toolchains/gnu_arm/7.2_2017q4/bin/../lib/gcc/arm-none-eabi/7.2.1/../../../../arm-none-eabi/lib/thumb/v7e-m/fpv4-sp/softfp/libc_nano.a(lib_a-memset.o)
 .debug_frame   0x00000000000001d8       0x20 /Applications/Simplicity Studio.app/Contents/Eclipse/developer/toolchains/gnu_arm/7.2_2017q4/bin/../lib/gcc/arm-none-eabi/7.2.1/../../../../arm-none-eabi/lib/thumb/v7e-m/fpv4-sp/softfp/libnosys.a(_exit.o)
